// Jest Snapshot v1, https://goo.gl/fbAQLP

exports[`Board render method 1`] = `
"<div class=\\"board\\">	<div class=\\"row\\">
		<div class=\\"block\\" type=\\"x\\"></div>
		<div class=\\"block\\" type=\\"x\\"></div>
		<div class=\\"block\\" type=\\"x\\"></div>
		<div class=\\"block\\" type=\\"x\\"></div>
		<div class=\\"block\\" type=\\"x\\"></div>
		<div class=\\"block\\" type=\\"x\\"></div>
		<div class=\\"block\\" type=\\"x\\"></div>
		<div class=\\"block\\" type=\\"x\\"></div>
		<div class=\\"block\\" type=\\"x\\"></div>
		<div class=\\"block\\" type=\\"x\\"></div>
	</div>
	<div class=\\"row\\">
		<div class=\\"block\\" type=\\"x\\"></div>
		<div class=\\"block\\" type=\\"x\\"></div>
		<div class=\\"block\\" type=\\"x\\"></div>
		<div class=\\"block\\" type=\\"x\\"></div>
		<div class=\\"block\\" type=\\"x\\"></div>
		<div class=\\"block\\" type=\\"x\\"></div>
		<div class=\\"block\\" type=\\"x\\"></div>
		<div class=\\"block\\" type=\\"x\\"></div>
		<div class=\\"block\\" type=\\"x\\"></div>
		<div class=\\"block\\" type=\\"x\\"></div>
	</div>
	<div class=\\"row\\">
		<div class=\\"block\\" type=\\"x\\"></div>
		<div class=\\"block\\" type=\\"x\\"></div>
		<div class=\\"block\\" type=\\"x\\"></div>
		<div class=\\"block\\" type=\\"x\\"></div>
		<div class=\\"block\\" type=\\"x\\"></div>
		<div class=\\"block\\" type=\\"x\\"></div>
		<div class=\\"block\\" type=\\"x\\"></div>
		<div class=\\"block\\" type=\\"x\\"></div>
		<div class=\\"block\\" type=\\"x\\"></div>
		<div class=\\"block\\" type=\\"x\\"></div>
	</div>
	<div class=\\"row\\">
		<div class=\\"block\\" type=\\"x\\"></div>
		<div class=\\"block\\" type=\\"x\\"></div>
		<div class=\\"block\\" type=\\"x\\"></div>
		<div class=\\"block\\" type=\\"x\\"></div>
		<div class=\\"block\\" type=\\"x\\"></div>
		<div class=\\"block\\" type=\\"x\\"></div>
		<div class=\\"block\\" type=\\"x\\"></div>
		<div class=\\"block\\" type=\\"x\\"></div>
		<div class=\\"block\\" type=\\"x\\"></div>
		<div class=\\"block\\" type=\\"x\\"></div>
	</div>
	<div class=\\"row\\">
		<div class=\\"block\\" type=\\"x\\"></div>
		<div class=\\"block\\" type=\\"x\\"></div>
		<div class=\\"block\\" type=\\"x\\"></div>
		<div class=\\"block\\" type=\\"x\\"></div>
		<div class=\\"block\\" type=\\"x\\"></div>
		<div class=\\"block\\" type=\\"x\\"></div>
		<div class=\\"block\\" type=\\"x\\"></div>
		<div class=\\"block\\" type=\\"x\\"></div>
		<div class=\\"block\\" type=\\"x\\"></div>
		<div class=\\"block\\" type=\\"x\\"></div>
	</div>
	<div class=\\"row\\">
		<div class=\\"block\\" type=\\"x\\"></div>
		<div class=\\"block\\" type=\\"x\\"></div>
		<div class=\\"block\\" type=\\"x\\"></div>
		<div class=\\"block\\" type=\\"x\\"></div>
		<div class=\\"block\\" type=\\"x\\"></div>
		<div class=\\"block\\" type=\\"x\\"></div>
		<div class=\\"block\\" type=\\"x\\"></div>
		<div class=\\"block\\" type=\\"x\\"></div>
		<div class=\\"block\\" type=\\"x\\"></div>
		<div class=\\"block\\" type=\\"x\\"></div>
	</div>
	<div class=\\"row\\">
		<div class=\\"block\\" type=\\"x\\"></div>
		<div class=\\"block\\" type=\\"x\\"></div>
		<div class=\\"block\\" type=\\"x\\"></div>
		<div class=\\"block\\" type=\\"x\\"></div>
		<div class=\\"block\\" type=\\"x\\"></div>
		<div class=\\"block\\" type=\\"x\\"></div>
		<div class=\\"block\\" type=\\"x\\"></div>
		<div class=\\"block\\" type=\\"x\\"></div>
		<div class=\\"block\\" type=\\"x\\"></div>
		<div class=\\"block\\" type=\\"x\\"></div>
	</div>
	<div class=\\"row\\">
		<div class=\\"block\\" type=\\"x\\"></div>
		<div class=\\"block\\" type=\\"x\\"></div>
		<div class=\\"block\\" type=\\"x\\"></div>
		<div class=\\"block\\" type=\\"x\\"></div>
		<div class=\\"block\\" type=\\"x\\"></div>
		<div class=\\"block\\" type=\\"x\\"></div>
		<div class=\\"block\\" type=\\"x\\"></div>
		<div class=\\"block\\" type=\\"x\\"></div>
		<div class=\\"block\\" type=\\"x\\"></div>
		<div class=\\"block\\" type=\\"x\\"></div>
	</div>
	<div class=\\"row\\">
		<div class=\\"block\\" type=\\"x\\"></div>
		<div class=\\"block\\" type=\\"x\\"></div>
		<div class=\\"block\\" type=\\"x\\"></div>
		<div class=\\"block\\" type=\\"x\\"></div>
		<div class=\\"block\\" type=\\"x\\"></div>
		<div class=\\"block\\" type=\\"x\\"></div>
		<div class=\\"block\\" type=\\"x\\"></div>
		<div class=\\"block\\" type=\\"x\\"></div>
		<div class=\\"block\\" type=\\"x\\"></div>
		<div class=\\"block\\" type=\\"x\\"></div>
	</div>
	<div class=\\"row\\">
		<div class=\\"block\\" type=\\"x\\"></div>
		<div class=\\"block\\" type=\\"x\\"></div>
		<div class=\\"block\\" type=\\"x\\"></div>
		<div class=\\"block\\" type=\\"x\\"></div>
		<div class=\\"block\\" type=\\"x\\"></div>
		<div class=\\"block\\" type=\\"x\\"></div>
		<div class=\\"block\\" type=\\"x\\"></div>
		<div class=\\"block\\" type=\\"x\\"></div>
		<div class=\\"block\\" type=\\"x\\"></div>
		<div class=\\"block\\" type=\\"x\\"></div>
	</div>
	<div class=\\"row\\">
		<div class=\\"block\\" type=\\"x\\"></div>
		<div class=\\"block\\" type=\\"x\\"></div>
		<div class=\\"block\\" type=\\"x\\"></div>
		<div class=\\"block\\" type=\\"x\\"></div>
		<div class=\\"block\\" type=\\"x\\"></div>
		<div class=\\"block\\" type=\\"x\\"></div>
		<div class=\\"block\\" type=\\"x\\"></div>
		<div class=\\"block\\" type=\\"x\\"></div>
		<div class=\\"block\\" type=\\"x\\"></div>
		<div class=\\"block\\" type=\\"x\\"></div>
	</div>
	<div class=\\"row\\">
		<div class=\\"block\\" type=\\"x\\"></div>
		<div class=\\"block\\" type=\\"x\\"></div>
		<div class=\\"block\\" type=\\"x\\"></div>
		<div class=\\"block\\" type=\\"x\\"></div>
		<div class=\\"block\\" type=\\"x\\"></div>
		<div class=\\"block\\" type=\\"x\\"></div>
		<div class=\\"block\\" type=\\"x\\"></div>
		<div class=\\"block\\" type=\\"x\\"></div>
		<div class=\\"block\\" type=\\"x\\"></div>
		<div class=\\"block\\" type=\\"x\\"></div>
	</div>
	<div class=\\"row\\">
		<div class=\\"block\\" type=\\"x\\"></div>
		<div class=\\"block\\" type=\\"x\\"></div>
		<div class=\\"block\\" type=\\"x\\"></div>
		<div class=\\"block\\" type=\\"x\\"></div>
		<div class=\\"block\\" type=\\"x\\"></div>
		<div class=\\"block\\" type=\\"x\\"></div>
		<div class=\\"block\\" type=\\"x\\"></div>
		<div class=\\"block\\" type=\\"x\\"></div>
		<div class=\\"block\\" type=\\"x\\"></div>
		<div class=\\"block\\" type=\\"x\\"></div>
	</div>
	<div class=\\"row\\">
		<div class=\\"block\\" type=\\"x\\"></div>
		<div class=\\"block\\" type=\\"x\\"></div>
		<div class=\\"block\\" type=\\"x\\"></div>
		<div class=\\"block\\" type=\\"x\\"></div>
		<div class=\\"block\\" type=\\"x\\"></div>
		<div class=\\"block\\" type=\\"x\\"></div>
		<div class=\\"block\\" type=\\"x\\"></div>
		<div class=\\"block\\" type=\\"x\\"></div>
		<div class=\\"block\\" type=\\"x\\"></div>
		<div class=\\"block\\" type=\\"x\\"></div>
	</div>
	<div class=\\"row\\">
		<div class=\\"block\\" type=\\"x\\"></div>
		<div class=\\"block\\" type=\\"x\\"></div>
		<div class=\\"block\\" type=\\"x\\"></div>
		<div class=\\"block\\" type=\\"x\\"></div>
		<div class=\\"block\\" type=\\"x\\"></div>
		<div class=\\"block\\" type=\\"x\\"></div>
		<div class=\\"block\\" type=\\"x\\"></div>
		<div class=\\"block\\" type=\\"x\\"></div>
		<div class=\\"block\\" type=\\"x\\"></div>
		<div class=\\"block\\" type=\\"x\\"></div>
	</div>
	<div class=\\"row\\">
		<div class=\\"block\\" type=\\"x\\"></div>
		<div class=\\"block\\" type=\\"x\\"></div>
		<div class=\\"block\\" type=\\"x\\"></div>
		<div class=\\"block\\" type=\\"x\\"></div>
		<div class=\\"block\\" type=\\"x\\"></div>
		<div class=\\"block\\" type=\\"x\\"></div>
		<div class=\\"block\\" type=\\"x\\"></div>
		<div class=\\"block\\" type=\\"x\\"></div>
		<div class=\\"block\\" type=\\"x\\"></div>
		<div class=\\"block\\" type=\\"x\\"></div>
	</div>
	<div class=\\"row\\">
		<div class=\\"block\\" type=\\"x\\"></div>
		<div class=\\"block\\" type=\\"x\\"></div>
		<div class=\\"block\\" type=\\"x\\"></div>
		<div class=\\"block\\" type=\\"x\\"></div>
		<div class=\\"block\\" type=\\"x\\"></div>
		<div class=\\"block\\" type=\\"x\\"></div>
		<div class=\\"block\\" type=\\"x\\"></div>
		<div class=\\"block\\" type=\\"x\\"></div>
		<div class=\\"block\\" type=\\"x\\"></div>
		<div class=\\"block\\" type=\\"x\\"></div>
	</div>
	<div class=\\"row\\">
		<div class=\\"block\\" type=\\"x\\"></div>
		<div class=\\"block\\" type=\\"x\\"></div>
		<div class=\\"block\\" type=\\"x\\"></div>
		<div class=\\"block\\" type=\\"x\\"></div>
		<div class=\\"block\\" type=\\"x\\"></div>
		<div class=\\"block\\" type=\\"x\\"></div>
		<div class=\\"block\\" type=\\"x\\"></div>
		<div class=\\"block\\" type=\\"x\\"></div>
		<div class=\\"block\\" type=\\"x\\"></div>
		<div class=\\"block\\" type=\\"x\\"></div>
	</div>
	<div class=\\"row\\">
		<div class=\\"block\\" type=\\"x\\"></div>
		<div class=\\"block\\" type=\\"x\\"></div>
		<div class=\\"block\\" type=\\"x\\"></div>
		<div class=\\"block\\" type=\\"x\\"></div>
		<div class=\\"block\\" type=\\"x\\"></div>
		<div class=\\"block\\" type=\\"x\\"></div>
		<div class=\\"block\\" type=\\"x\\"></div>
		<div class=\\"block\\" type=\\"x\\"></div>
		<div class=\\"block\\" type=\\"x\\"></div>
		<div class=\\"block\\" type=\\"x\\"></div>
	</div>
</div>"
`;

exports[`Board render method with board.shape 1`] = `
"<div class=\\"board\\">	<div class=\\"row\\">
		<div class=\\"block\\" type=\\"x\\"></div>
		<div class=\\"block\\" type=\\"x\\"></div>
		<div class=\\"block\\" type=\\"x\\"></div>
		<div class=\\"block\\" type=\\"l\\"></div>
		<div class=\\"block\\" type=\\"l\\"></div>
		<div class=\\"block\\" type=\\"l\\"></div>
		<div class=\\"block\\" type=\\"x\\"></div>
		<div class=\\"block\\" type=\\"x\\"></div>
		<div class=\\"block\\" type=\\"x\\"></div>
		<div class=\\"block\\" type=\\"x\\"></div>
	</div>
	<div class=\\"row\\">
		<div class=\\"block\\" type=\\"x\\"></div>
		<div class=\\"block\\" type=\\"x\\"></div>
		<div class=\\"block\\" type=\\"x\\"></div>
		<div class=\\"block\\" type=\\"l\\"></div>
		<div class=\\"block\\" type=\\"x\\"></div>
		<div class=\\"block\\" type=\\"x\\"></div>
		<div class=\\"block\\" type=\\"x\\"></div>
		<div class=\\"block\\" type=\\"x\\"></div>
		<div class=\\"block\\" type=\\"x\\"></div>
		<div class=\\"block\\" type=\\"x\\"></div>
	</div>
	<div class=\\"row\\">
		<div class=\\"block\\" type=\\"x\\"></div>
		<div class=\\"block\\" type=\\"x\\"></div>
		<div class=\\"block\\" type=\\"x\\"></div>
		<div class=\\"block\\" type=\\"x\\"></div>
		<div class=\\"block\\" type=\\"x\\"></div>
		<div class=\\"block\\" type=\\"x\\"></div>
		<div class=\\"block\\" type=\\"x\\"></div>
		<div class=\\"block\\" type=\\"x\\"></div>
		<div class=\\"block\\" type=\\"x\\"></div>
		<div class=\\"block\\" type=\\"x\\"></div>
	</div>
	<div class=\\"row\\">
		<div class=\\"block\\" type=\\"x\\"></div>
		<div class=\\"block\\" type=\\"x\\"></div>
		<div class=\\"block\\" type=\\"x\\"></div>
		<div class=\\"block\\" type=\\"x\\"></div>
		<div class=\\"block\\" type=\\"x\\"></div>
		<div class=\\"block\\" type=\\"x\\"></div>
		<div class=\\"block\\" type=\\"x\\"></div>
		<div class=\\"block\\" type=\\"x\\"></div>
		<div class=\\"block\\" type=\\"x\\"></div>
		<div class=\\"block\\" type=\\"x\\"></div>
	</div>
	<div class=\\"row\\">
		<div class=\\"block\\" type=\\"x\\"></div>
		<div class=\\"block\\" type=\\"x\\"></div>
		<div class=\\"block\\" type=\\"x\\"></div>
		<div class=\\"block\\" type=\\"x\\"></div>
		<div class=\\"block\\" type=\\"x\\"></div>
		<div class=\\"block\\" type=\\"x\\"></div>
		<div class=\\"block\\" type=\\"x\\"></div>
		<div class=\\"block\\" type=\\"x\\"></div>
		<div class=\\"block\\" type=\\"x\\"></div>
		<div class=\\"block\\" type=\\"x\\"></div>
	</div>
	<div class=\\"row\\">
		<div class=\\"block\\" type=\\"x\\"></div>
		<div class=\\"block\\" type=\\"x\\"></div>
		<div class=\\"block\\" type=\\"x\\"></div>
		<div class=\\"block\\" type=\\"x\\"></div>
		<div class=\\"block\\" type=\\"x\\"></div>
		<div class=\\"block\\" type=\\"x\\"></div>
		<div class=\\"block\\" type=\\"x\\"></div>
		<div class=\\"block\\" type=\\"x\\"></div>
		<div class=\\"block\\" type=\\"x\\"></div>
		<div class=\\"block\\" type=\\"x\\"></div>
	</div>
	<div class=\\"row\\">
		<div class=\\"block\\" type=\\"x\\"></div>
		<div class=\\"block\\" type=\\"x\\"></div>
		<div class=\\"block\\" type=\\"x\\"></div>
		<div class=\\"block\\" type=\\"x\\"></div>
		<div class=\\"block\\" type=\\"x\\"></div>
		<div class=\\"block\\" type=\\"x\\"></div>
		<div class=\\"block\\" type=\\"x\\"></div>
		<div class=\\"block\\" type=\\"x\\"></div>
		<div class=\\"block\\" type=\\"x\\"></div>
		<div class=\\"block\\" type=\\"x\\"></div>
	</div>
	<div class=\\"row\\">
		<div class=\\"block\\" type=\\"x\\"></div>
		<div class=\\"block\\" type=\\"x\\"></div>
		<div class=\\"block\\" type=\\"x\\"></div>
		<div class=\\"block\\" type=\\"x\\"></div>
		<div class=\\"block\\" type=\\"x\\"></div>
		<div class=\\"block\\" type=\\"x\\"></div>
		<div class=\\"block\\" type=\\"x\\"></div>
		<div class=\\"block\\" type=\\"x\\"></div>
		<div class=\\"block\\" type=\\"x\\"></div>
		<div class=\\"block\\" type=\\"x\\"></div>
	</div>
	<div class=\\"row\\">
		<div class=\\"block\\" type=\\"x\\"></div>
		<div class=\\"block\\" type=\\"x\\"></div>
		<div class=\\"block\\" type=\\"x\\"></div>
		<div class=\\"block\\" type=\\"x\\"></div>
		<div class=\\"block\\" type=\\"x\\"></div>
		<div class=\\"block\\" type=\\"x\\"></div>
		<div class=\\"block\\" type=\\"x\\"></div>
		<div class=\\"block\\" type=\\"x\\"></div>
		<div class=\\"block\\" type=\\"x\\"></div>
		<div class=\\"block\\" type=\\"x\\"></div>
	</div>
	<div class=\\"row\\">
		<div class=\\"block\\" type=\\"x\\"></div>
		<div class=\\"block\\" type=\\"x\\"></div>
		<div class=\\"block\\" type=\\"x\\"></div>
		<div class=\\"block\\" type=\\"x\\"></div>
		<div class=\\"block\\" type=\\"x\\"></div>
		<div class=\\"block\\" type=\\"x\\"></div>
		<div class=\\"block\\" type=\\"x\\"></div>
		<div class=\\"block\\" type=\\"x\\"></div>
		<div class=\\"block\\" type=\\"x\\"></div>
		<div class=\\"block\\" type=\\"x\\"></div>
	</div>
	<div class=\\"row\\">
		<div class=\\"block\\" type=\\"x\\"></div>
		<div class=\\"block\\" type=\\"x\\"></div>
		<div class=\\"block\\" type=\\"x\\"></div>
		<div class=\\"block\\" type=\\"x\\"></div>
		<div class=\\"block\\" type=\\"x\\"></div>
		<div class=\\"block\\" type=\\"x\\"></div>
		<div class=\\"block\\" type=\\"x\\"></div>
		<div class=\\"block\\" type=\\"x\\"></div>
		<div class=\\"block\\" type=\\"x\\"></div>
		<div class=\\"block\\" type=\\"x\\"></div>
	</div>
	<div class=\\"row\\">
		<div class=\\"block\\" type=\\"x\\"></div>
		<div class=\\"block\\" type=\\"x\\"></div>
		<div class=\\"block\\" type=\\"x\\"></div>
		<div class=\\"block\\" type=\\"x\\"></div>
		<div class=\\"block\\" type=\\"x\\"></div>
		<div class=\\"block\\" type=\\"x\\"></div>
		<div class=\\"block\\" type=\\"x\\"></div>
		<div class=\\"block\\" type=\\"x\\"></div>
		<div class=\\"block\\" type=\\"x\\"></div>
		<div class=\\"block\\" type=\\"x\\"></div>
	</div>
	<div class=\\"row\\">
		<div class=\\"block\\" type=\\"x\\"></div>
		<div class=\\"block\\" type=\\"x\\"></div>
		<div class=\\"block\\" type=\\"x\\"></div>
		<div class=\\"block\\" type=\\"x\\"></div>
		<div class=\\"block\\" type=\\"x\\"></div>
		<div class=\\"block\\" type=\\"x\\"></div>
		<div class=\\"block\\" type=\\"x\\"></div>
		<div class=\\"block\\" type=\\"x\\"></div>
		<div class=\\"block\\" type=\\"x\\"></div>
		<div class=\\"block\\" type=\\"x\\"></div>
	</div>
	<div class=\\"row\\">
		<div class=\\"block\\" type=\\"x\\"></div>
		<div class=\\"block\\" type=\\"x\\"></div>
		<div class=\\"block\\" type=\\"x\\"></div>
		<div class=\\"block\\" type=\\"x\\"></div>
		<div class=\\"block\\" type=\\"x\\"></div>
		<div class=\\"block\\" type=\\"x\\"></div>
		<div class=\\"block\\" type=\\"x\\"></div>
		<div class=\\"block\\" type=\\"x\\"></div>
		<div class=\\"block\\" type=\\"x\\"></div>
		<div class=\\"block\\" type=\\"x\\"></div>
	</div>
	<div class=\\"row\\">
		<div class=\\"block\\" type=\\"x\\"></div>
		<div class=\\"block\\" type=\\"x\\"></div>
		<div class=\\"block\\" type=\\"x\\"></div>
		<div class=\\"block\\" type=\\"x\\"></div>
		<div class=\\"block\\" type=\\"x\\"></div>
		<div class=\\"block\\" type=\\"x\\"></div>
		<div class=\\"block\\" type=\\"x\\"></div>
		<div class=\\"block\\" type=\\"x\\"></div>
		<div class=\\"block\\" type=\\"x\\"></div>
		<div class=\\"block\\" type=\\"x\\"></div>
	</div>
	<div class=\\"row\\">
		<div class=\\"block\\" type=\\"x\\"></div>
		<div class=\\"block\\" type=\\"x\\"></div>
		<div class=\\"block\\" type=\\"x\\"></div>
		<div class=\\"block\\" type=\\"x\\"></div>
		<div class=\\"block\\" type=\\"x\\"></div>
		<div class=\\"block\\" type=\\"x\\"></div>
		<div class=\\"block\\" type=\\"x\\"></div>
		<div class=\\"block\\" type=\\"x\\"></div>
		<div class=\\"block\\" type=\\"x\\"></div>
		<div class=\\"block\\" type=\\"x\\"></div>
	</div>
	<div class=\\"row\\">
		<div class=\\"block\\" type=\\"x\\"></div>
		<div class=\\"block\\" type=\\"x\\"></div>
		<div class=\\"block\\" type=\\"x\\"></div>
		<div class=\\"block\\" type=\\"x\\"></div>
		<div class=\\"block\\" type=\\"x\\"></div>
		<div class=\\"block\\" type=\\"x\\"></div>
		<div class=\\"block\\" type=\\"x\\"></div>
		<div class=\\"block\\" type=\\"x\\"></div>
		<div class=\\"block\\" type=\\"x\\"></div>
		<div class=\\"block\\" type=\\"x\\"></div>
	</div>
	<div class=\\"row\\">
		<div class=\\"block\\" type=\\"x\\"></div>
		<div class=\\"block\\" type=\\"x\\"></div>
		<div class=\\"block\\" type=\\"x\\"></div>
		<div class=\\"block\\" type=\\"x\\"></div>
		<div class=\\"block\\" type=\\"x\\"></div>
		<div class=\\"block\\" type=\\"x\\"></div>
		<div class=\\"block\\" type=\\"x\\"></div>
		<div class=\\"block\\" type=\\"x\\"></div>
		<div class=\\"block\\" type=\\"x\\"></div>
		<div class=\\"block\\" type=\\"x\\"></div>
	</div>
	<div class=\\"row\\">
		<div class=\\"block\\" type=\\"x\\"></div>
		<div class=\\"block\\" type=\\"x\\"></div>
		<div class=\\"block\\" type=\\"x\\"></div>
		<div class=\\"block\\" type=\\"x\\"></div>
		<div class=\\"block\\" type=\\"x\\"></div>
		<div class=\\"block\\" type=\\"x\\"></div>
		<div class=\\"block\\" type=\\"x\\"></div>
		<div class=\\"block\\" type=\\"x\\"></div>
		<div class=\\"block\\" type=\\"x\\"></div>
		<div class=\\"block\\" type=\\"x\\"></div>
	</div>
</div>"
`;
