// Jest Snapshot v1, https://goo.gl/fbAQLP

exports[`Game() unit tests Starting point 1`] = `
"<div class=\\"board mini\\">	<div class=\\"row\\">
		<div class=\\"block\\" type=\\"t\\"></div>
		<div class=\\"block\\" type=\\"t\\"></div>
		<div class=\\"block\\" type=\\"t\\"></div>
	</div>
	<div class=\\"row\\">
		<div class=\\"block\\" type=\\"x\\"></div>
		<div class=\\"block\\" type=\\"t\\"></div>
		<div class=\\"block\\" type=\\"x\\"></div>
	</div>
</div>"
`;

exports[`Game() unit tests draw() 1`] = `
"<div class=\\"board\\">	<div class=\\"row\\">
		<div class=\\"block\\" type=\\"x\\"></div>
		<div class=\\"block\\" type=\\"x\\"></div>
		<div class=\\"block\\" type=\\"x\\"></div>
		<div class=\\"block\\" type=\\"x\\"></div>
		<div class=\\"block\\" type=\\"x\\"></div>
		<div class=\\"block\\" type=\\"x\\"></div>
		<div class=\\"block\\" type=\\"x\\"></div>
		<div class=\\"block\\" type=\\"x\\"></div>
		<div class=\\"block\\" type=\\"x\\"></div>
		<div class=\\"block\\" type=\\"x\\"></div>
	</div>
	<div class=\\"row\\">
		<div class=\\"block\\" type=\\"x\\"></div>
		<div class=\\"block\\" type=\\"x\\"></div>
		<div class=\\"block\\" type=\\"x\\"></div>
		<div class=\\"block\\" type=\\"x\\"></div>
		<div class=\\"block\\" type=\\"x\\"></div>
		<div class=\\"block\\" type=\\"x\\"></div>
		<div class=\\"block\\" type=\\"x\\"></div>
		<div class=\\"block\\" type=\\"x\\"></div>
		<div class=\\"block\\" type=\\"x\\"></div>
		<div class=\\"block\\" type=\\"x\\"></div>
	</div>
	<div class=\\"row\\">
		<div class=\\"block\\" type=\\"x\\"></div>
		<div class=\\"block\\" type=\\"x\\"></div>
		<div class=\\"block\\" type=\\"x\\"></div>
		<div class=\\"block\\" type=\\"t\\"></div>
		<div class=\\"block\\" type=\\"t\\"></div>
		<div class=\\"block\\" type=\\"t\\"></div>
		<div class=\\"block\\" type=\\"x\\"></div>
		<div class=\\"block\\" type=\\"x\\"></div>
		<div class=\\"block\\" type=\\"x\\"></div>
		<div class=\\"block\\" type=\\"x\\"></div>
	</div>
	<div class=\\"row\\">
		<div class=\\"block\\" type=\\"x\\"></div>
		<div class=\\"block\\" type=\\"x\\"></div>
		<div class=\\"block\\" type=\\"x\\"></div>
		<div class=\\"block\\" type=\\"x\\"></div>
		<div class=\\"block\\" type=\\"t\\"></div>
		<div class=\\"block\\" type=\\"x\\"></div>
		<div class=\\"block\\" type=\\"x\\"></div>
		<div class=\\"block\\" type=\\"x\\"></div>
		<div class=\\"block\\" type=\\"x\\"></div>
		<div class=\\"block\\" type=\\"x\\"></div>
	</div>
	<div class=\\"row\\">
		<div class=\\"block\\" type=\\"x\\"></div>
		<div class=\\"block\\" type=\\"x\\"></div>
		<div class=\\"block\\" type=\\"x\\"></div>
		<div class=\\"block\\" type=\\"x\\"></div>
		<div class=\\"block\\" type=\\"x\\"></div>
		<div class=\\"block\\" type=\\"x\\"></div>
		<div class=\\"block\\" type=\\"x\\"></div>
		<div class=\\"block\\" type=\\"x\\"></div>
		<div class=\\"block\\" type=\\"x\\"></div>
		<div class=\\"block\\" type=\\"x\\"></div>
	</div>
	<div class=\\"row\\">
		<div class=\\"block\\" type=\\"x\\"></div>
		<div class=\\"block\\" type=\\"x\\"></div>
		<div class=\\"block\\" type=\\"x\\"></div>
		<div class=\\"block\\" type=\\"x\\"></div>
		<div class=\\"block\\" type=\\"x\\"></div>
		<div class=\\"block\\" type=\\"x\\"></div>
		<div class=\\"block\\" type=\\"x\\"></div>
		<div class=\\"block\\" type=\\"x\\"></div>
		<div class=\\"block\\" type=\\"x\\"></div>
		<div class=\\"block\\" type=\\"x\\"></div>
	</div>
	<div class=\\"row\\">
		<div class=\\"block\\" type=\\"x\\"></div>
		<div class=\\"block\\" type=\\"x\\"></div>
		<div class=\\"block\\" type=\\"x\\"></div>
		<div class=\\"block\\" type=\\"x\\"></div>
		<div class=\\"block\\" type=\\"x\\"></div>
		<div class=\\"block\\" type=\\"x\\"></div>
		<div class=\\"block\\" type=\\"x\\"></div>
		<div class=\\"block\\" type=\\"x\\"></div>
		<div class=\\"block\\" type=\\"x\\"></div>
		<div class=\\"block\\" type=\\"x\\"></div>
	</div>
	<div class=\\"row\\">
		<div class=\\"block\\" type=\\"x\\"></div>
		<div class=\\"block\\" type=\\"x\\"></div>
		<div class=\\"block\\" type=\\"x\\"></div>
		<div class=\\"block\\" type=\\"x\\"></div>
		<div class=\\"block\\" type=\\"x\\"></div>
		<div class=\\"block\\" type=\\"x\\"></div>
		<div class=\\"block\\" type=\\"x\\"></div>
		<div class=\\"block\\" type=\\"x\\"></div>
		<div class=\\"block\\" type=\\"x\\"></div>
		<div class=\\"block\\" type=\\"x\\"></div>
	</div>
	<div class=\\"row\\">
		<div class=\\"block\\" type=\\"x\\"></div>
		<div class=\\"block\\" type=\\"x\\"></div>
		<div class=\\"block\\" type=\\"x\\"></div>
		<div class=\\"block\\" type=\\"x\\"></div>
		<div class=\\"block\\" type=\\"x\\"></div>
		<div class=\\"block\\" type=\\"x\\"></div>
		<div class=\\"block\\" type=\\"x\\"></div>
		<div class=\\"block\\" type=\\"x\\"></div>
		<div class=\\"block\\" type=\\"x\\"></div>
		<div class=\\"block\\" type=\\"x\\"></div>
	</div>
	<div class=\\"row\\">
		<div class=\\"block\\" type=\\"x\\"></div>
		<div class=\\"block\\" type=\\"x\\"></div>
		<div class=\\"block\\" type=\\"x\\"></div>
		<div class=\\"block\\" type=\\"x\\"></div>
		<div class=\\"block\\" type=\\"x\\"></div>
		<div class=\\"block\\" type=\\"x\\"></div>
		<div class=\\"block\\" type=\\"x\\"></div>
		<div class=\\"block\\" type=\\"x\\"></div>
		<div class=\\"block\\" type=\\"x\\"></div>
		<div class=\\"block\\" type=\\"x\\"></div>
	</div>
	<div class=\\"row\\">
		<div class=\\"block\\" type=\\"x\\"></div>
		<div class=\\"block\\" type=\\"x\\"></div>
		<div class=\\"block\\" type=\\"x\\"></div>
		<div class=\\"block\\" type=\\"x\\"></div>
		<div class=\\"block\\" type=\\"x\\"></div>
		<div class=\\"block\\" type=\\"x\\"></div>
		<div class=\\"block\\" type=\\"x\\"></div>
		<div class=\\"block\\" type=\\"x\\"></div>
		<div class=\\"block\\" type=\\"x\\"></div>
		<div class=\\"block\\" type=\\"x\\"></div>
	</div>
	<div class=\\"row\\">
		<div class=\\"block\\" type=\\"x\\"></div>
		<div class=\\"block\\" type=\\"x\\"></div>
		<div class=\\"block\\" type=\\"x\\"></div>
		<div class=\\"block\\" type=\\"x\\"></div>
		<div class=\\"block\\" type=\\"x\\"></div>
		<div class=\\"block\\" type=\\"x\\"></div>
		<div class=\\"block\\" type=\\"x\\"></div>
		<div class=\\"block\\" type=\\"x\\"></div>
		<div class=\\"block\\" type=\\"x\\"></div>
		<div class=\\"block\\" type=\\"x\\"></div>
	</div>
	<div class=\\"row\\">
		<div class=\\"block\\" type=\\"x\\"></div>
		<div class=\\"block\\" type=\\"x\\"></div>
		<div class=\\"block\\" type=\\"x\\"></div>
		<div class=\\"block\\" type=\\"x\\"></div>
		<div class=\\"block\\" type=\\"x\\"></div>
		<div class=\\"block\\" type=\\"x\\"></div>
		<div class=\\"block\\" type=\\"x\\"></div>
		<div class=\\"block\\" type=\\"x\\"></div>
		<div class=\\"block\\" type=\\"x\\"></div>
		<div class=\\"block\\" type=\\"x\\"></div>
	</div>
	<div class=\\"row\\">
		<div class=\\"block\\" type=\\"x\\"></div>
		<div class=\\"block\\" type=\\"x\\"></div>
		<div class=\\"block\\" type=\\"x\\"></div>
		<div class=\\"block\\" type=\\"x\\"></div>
		<div class=\\"block\\" type=\\"x\\"></div>
		<div class=\\"block\\" type=\\"x\\"></div>
		<div class=\\"block\\" type=\\"x\\"></div>
		<div class=\\"block\\" type=\\"x\\"></div>
		<div class=\\"block\\" type=\\"x\\"></div>
		<div class=\\"block\\" type=\\"x\\"></div>
	</div>
	<div class=\\"row\\">
		<div class=\\"block\\" type=\\"x\\"></div>
		<div class=\\"block\\" type=\\"x\\"></div>
		<div class=\\"block\\" type=\\"x\\"></div>
		<div class=\\"block\\" type=\\"x\\"></div>
		<div class=\\"block\\" type=\\"x\\"></div>
		<div class=\\"block\\" type=\\"x\\"></div>
		<div class=\\"block\\" type=\\"x\\"></div>
		<div class=\\"block\\" type=\\"x\\"></div>
		<div class=\\"block\\" type=\\"x\\"></div>
		<div class=\\"block\\" type=\\"x\\"></div>
	</div>
	<div class=\\"row\\">
		<div class=\\"block\\" type=\\"x\\"></div>
		<div class=\\"block\\" type=\\"x\\"></div>
		<div class=\\"block\\" type=\\"x\\"></div>
		<div class=\\"block\\" type=\\"x\\"></div>
		<div class=\\"block\\" type=\\"x\\"></div>
		<div class=\\"block\\" type=\\"x\\"></div>
		<div class=\\"block\\" type=\\"x\\"></div>
		<div class=\\"block\\" type=\\"x\\"></div>
		<div class=\\"block\\" type=\\"x\\"></div>
		<div class=\\"block\\" type=\\"x\\"></div>
	</div>
	<div class=\\"row\\">
		<div class=\\"block\\" type=\\"x\\"></div>
		<div class=\\"block\\" type=\\"x\\"></div>
		<div class=\\"block\\" type=\\"x\\"></div>
		<div class=\\"block\\" type=\\"x\\"></div>
		<div class=\\"block\\" type=\\"x\\"></div>
		<div class=\\"block\\" type=\\"x\\"></div>
		<div class=\\"block\\" type=\\"x\\"></div>
		<div class=\\"block\\" type=\\"x\\"></div>
		<div class=\\"block\\" type=\\"x\\"></div>
		<div class=\\"block\\" type=\\"x\\"></div>
	</div>
	<div class=\\"row\\">
		<div class=\\"block\\" type=\\"x\\"></div>
		<div class=\\"block\\" type=\\"x\\"></div>
		<div class=\\"block\\" type=\\"x\\"></div>
		<div class=\\"block\\" type=\\"x\\"></div>
		<div class=\\"block\\" type=\\"x\\"></div>
		<div class=\\"block\\" type=\\"x\\"></div>
		<div class=\\"block\\" type=\\"x\\"></div>
		<div class=\\"block\\" type=\\"x\\"></div>
		<div class=\\"block\\" type=\\"x\\"></div>
		<div class=\\"block\\" type=\\"x\\"></div>
	</div>
	<div class=\\"row\\">
		<div class=\\"block\\" type=\\"x\\"></div>
		<div class=\\"block\\" type=\\"x\\"></div>
		<div class=\\"block\\" type=\\"x\\"></div>
		<div class=\\"block\\" type=\\"x\\"></div>
		<div class=\\"block\\" type=\\"x\\"></div>
		<div class=\\"block\\" type=\\"x\\"></div>
		<div class=\\"block\\" type=\\"x\\"></div>
		<div class=\\"block\\" type=\\"x\\"></div>
		<div class=\\"block\\" type=\\"x\\"></div>
		<div class=\\"block\\" type=\\"x\\"></div>
	</div>
</div>"
`;

exports[`Game() unit tests merged() 1`] = `
Array [
  Array [
    "x",
    "x",
    "x",
    "x",
    "x",
    "x",
    "x",
    "x",
    "x",
    "x",
  ],
  Array [
    "x",
    "x",
    "x",
    "x",
    "x",
    "x",
    "x",
    "x",
    "x",
    "x",
  ],
  Array [
    "x",
    "x",
    "x",
    "t",
    "t",
    "t",
    "x",
    "x",
    "x",
    "x",
  ],
  Array [
    "x",
    "x",
    "x",
    "x",
    "t",
    "x",
    "x",
    "x",
    "x",
    "x",
  ],
  Array [
    "x",
    "x",
    "x",
    "x",
    "x",
    "x",
    "x",
    "x",
    "x",
    "x",
  ],
  Array [
    "x",
    "x",
    "x",
    "x",
    "x",
    "x",
    "x",
    "x",
    "x",
    "x",
  ],
  Array [
    "x",
    "x",
    "x",
    "x",
    "x",
    "x",
    "x",
    "x",
    "x",
    "x",
  ],
  Array [
    "x",
    "x",
    "x",
    "x",
    "x",
    "x",
    "x",
    "x",
    "x",
    "x",
  ],
  Array [
    "x",
    "x",
    "x",
    "x",
    "x",
    "x",
    "x",
    "x",
    "x",
    "x",
  ],
  Array [
    "x",
    "x",
    "x",
    "x",
    "x",
    "x",
    "x",
    "x",
    "x",
    "x",
  ],
  Array [
    "x",
    "x",
    "x",
    "x",
    "x",
    "x",
    "x",
    "x",
    "x",
    "x",
  ],
  Array [
    "x",
    "x",
    "x",
    "x",
    "x",
    "x",
    "x",
    "x",
    "x",
    "x",
  ],
  Array [
    "x",
    "x",
    "x",
    "x",
    "x",
    "x",
    "x",
    "x",
    "x",
    "x",
  ],
  Array [
    "x",
    "x",
    "x",
    "x",
    "x",
    "x",
    "x",
    "x",
    "x",
    "x",
  ],
  Array [
    "x",
    "x",
    "x",
    "x",
    "x",
    "x",
    "x",
    "x",
    "x",
    "x",
  ],
  Array [
    "x",
    "x",
    "x",
    "x",
    "x",
    "x",
    "x",
    "x",
    "x",
    "x",
  ],
  Array [
    "x",
    "x",
    "x",
    "x",
    "x",
    "x",
    "x",
    "x",
    "x",
    "x",
  ],
  Array [
    "x",
    "x",
    "x",
    "x",
    "x",
    "x",
    "x",
    "x",
    "x",
    "x",
  ],
  Array [
    "x",
    "x",
    "x",
    "x",
    "x",
    "x",
    "x",
    "x",
    "x",
    "x",
  ],
]
`;

exports[`Game() unit tests render() with a full row and resetNext is true 1`] = `
"<div class=\\"board\\">	<div class=\\"row\\">
		<div class=\\"block\\" type=\\"x\\"></div>
		<div class=\\"block\\" type=\\"x\\"></div>
		<div class=\\"block\\" type=\\"x\\"></div>
		<div class=\\"block\\" type=\\"x\\"></div>
		<div class=\\"block\\" type=\\"x\\"></div>
		<div class=\\"block\\" type=\\"x\\"></div>
		<div class=\\"block\\" type=\\"x\\"></div>
		<div class=\\"block\\" type=\\"x\\"></div>
		<div class=\\"block\\" type=\\"x\\"></div>
		<div class=\\"block\\" type=\\"x\\"></div>
	</div>
	<div class=\\"row\\">
		<div class=\\"block\\" type=\\"x\\"></div>
		<div class=\\"block\\" type=\\"x\\"></div>
		<div class=\\"block\\" type=\\"x\\"></div>
		<div class=\\"block\\" type=\\"x\\"></div>
		<div class=\\"block\\" type=\\"x\\"></div>
		<div class=\\"block\\" type=\\"x\\"></div>
		<div class=\\"block\\" type=\\"x\\"></div>
		<div class=\\"block\\" type=\\"x\\"></div>
		<div class=\\"block\\" type=\\"x\\"></div>
		<div class=\\"block\\" type=\\"x\\"></div>
	</div>
	<div class=\\"row\\">
		<div class=\\"block\\" type=\\"x\\"></div>
		<div class=\\"block\\" type=\\"x\\"></div>
		<div class=\\"block\\" type=\\"x\\"></div>
		<div class=\\"block\\" type=\\"t\\"></div>
		<div class=\\"block\\" type=\\"t\\"></div>
		<div class=\\"block\\" type=\\"t\\"></div>
		<div class=\\"block\\" type=\\"x\\"></div>
		<div class=\\"block\\" type=\\"x\\"></div>
		<div class=\\"block\\" type=\\"x\\"></div>
		<div class=\\"block\\" type=\\"x\\"></div>
	</div>
	<div class=\\"row\\">
		<div class=\\"block\\" type=\\"x\\"></div>
		<div class=\\"block\\" type=\\"x\\"></div>
		<div class=\\"block\\" type=\\"x\\"></div>
		<div class=\\"block\\" type=\\"x\\"></div>
		<div class=\\"block\\" type=\\"t\\"></div>
		<div class=\\"block\\" type=\\"x\\"></div>
		<div class=\\"block\\" type=\\"x\\"></div>
		<div class=\\"block\\" type=\\"x\\"></div>
		<div class=\\"block\\" type=\\"x\\"></div>
		<div class=\\"block\\" type=\\"x\\"></div>
	</div>
	<div class=\\"row\\">
		<div class=\\"block\\" type=\\"x\\"></div>
		<div class=\\"block\\" type=\\"x\\"></div>
		<div class=\\"block\\" type=\\"x\\"></div>
		<div class=\\"block\\" type=\\"x\\"></div>
		<div class=\\"block\\" type=\\"x\\"></div>
		<div class=\\"block\\" type=\\"x\\"></div>
		<div class=\\"block\\" type=\\"x\\"></div>
		<div class=\\"block\\" type=\\"x\\"></div>
		<div class=\\"block\\" type=\\"x\\"></div>
		<div class=\\"block\\" type=\\"x\\"></div>
	</div>
	<div class=\\"row\\">
		<div class=\\"block\\" type=\\"x\\"></div>
		<div class=\\"block\\" type=\\"x\\"></div>
		<div class=\\"block\\" type=\\"x\\"></div>
		<div class=\\"block\\" type=\\"x\\"></div>
		<div class=\\"block\\" type=\\"x\\"></div>
		<div class=\\"block\\" type=\\"x\\"></div>
		<div class=\\"block\\" type=\\"x\\"></div>
		<div class=\\"block\\" type=\\"x\\"></div>
		<div class=\\"block\\" type=\\"x\\"></div>
		<div class=\\"block\\" type=\\"x\\"></div>
	</div>
	<div class=\\"row\\">
		<div class=\\"block\\" type=\\"x\\"></div>
		<div class=\\"block\\" type=\\"x\\"></div>
		<div class=\\"block\\" type=\\"x\\"></div>
		<div class=\\"block\\" type=\\"x\\"></div>
		<div class=\\"block\\" type=\\"x\\"></div>
		<div class=\\"block\\" type=\\"x\\"></div>
		<div class=\\"block\\" type=\\"x\\"></div>
		<div class=\\"block\\" type=\\"x\\"></div>
		<div class=\\"block\\" type=\\"x\\"></div>
		<div class=\\"block\\" type=\\"x\\"></div>
	</div>
	<div class=\\"row\\">
		<div class=\\"block\\" type=\\"x\\"></div>
		<div class=\\"block\\" type=\\"x\\"></div>
		<div class=\\"block\\" type=\\"x\\"></div>
		<div class=\\"block\\" type=\\"x\\"></div>
		<div class=\\"block\\" type=\\"x\\"></div>
		<div class=\\"block\\" type=\\"x\\"></div>
		<div class=\\"block\\" type=\\"x\\"></div>
		<div class=\\"block\\" type=\\"x\\"></div>
		<div class=\\"block\\" type=\\"x\\"></div>
		<div class=\\"block\\" type=\\"x\\"></div>
	</div>
	<div class=\\"row\\">
		<div class=\\"block\\" type=\\"x\\"></div>
		<div class=\\"block\\" type=\\"x\\"></div>
		<div class=\\"block\\" type=\\"x\\"></div>
		<div class=\\"block\\" type=\\"x\\"></div>
		<div class=\\"block\\" type=\\"x\\"></div>
		<div class=\\"block\\" type=\\"x\\"></div>
		<div class=\\"block\\" type=\\"x\\"></div>
		<div class=\\"block\\" type=\\"x\\"></div>
		<div class=\\"block\\" type=\\"x\\"></div>
		<div class=\\"block\\" type=\\"x\\"></div>
	</div>
	<div class=\\"row\\">
		<div class=\\"block\\" type=\\"x\\"></div>
		<div class=\\"block\\" type=\\"x\\"></div>
		<div class=\\"block\\" type=\\"x\\"></div>
		<div class=\\"block\\" type=\\"x\\"></div>
		<div class=\\"block\\" type=\\"x\\"></div>
		<div class=\\"block\\" type=\\"x\\"></div>
		<div class=\\"block\\" type=\\"x\\"></div>
		<div class=\\"block\\" type=\\"x\\"></div>
		<div class=\\"block\\" type=\\"x\\"></div>
		<div class=\\"block\\" type=\\"x\\"></div>
	</div>
	<div class=\\"row\\">
		<div class=\\"block\\" type=\\"x\\"></div>
		<div class=\\"block\\" type=\\"x\\"></div>
		<div class=\\"block\\" type=\\"x\\"></div>
		<div class=\\"block\\" type=\\"x\\"></div>
		<div class=\\"block\\" type=\\"x\\"></div>
		<div class=\\"block\\" type=\\"x\\"></div>
		<div class=\\"block\\" type=\\"x\\"></div>
		<div class=\\"block\\" type=\\"x\\"></div>
		<div class=\\"block\\" type=\\"x\\"></div>
		<div class=\\"block\\" type=\\"x\\"></div>
	</div>
	<div class=\\"row\\">
		<div class=\\"block\\" type=\\"x\\"></div>
		<div class=\\"block\\" type=\\"x\\"></div>
		<div class=\\"block\\" type=\\"x\\"></div>
		<div class=\\"block\\" type=\\"x\\"></div>
		<div class=\\"block\\" type=\\"x\\"></div>
		<div class=\\"block\\" type=\\"x\\"></div>
		<div class=\\"block\\" type=\\"x\\"></div>
		<div class=\\"block\\" type=\\"x\\"></div>
		<div class=\\"block\\" type=\\"x\\"></div>
		<div class=\\"block\\" type=\\"x\\"></div>
	</div>
	<div class=\\"row\\">
		<div class=\\"block\\" type=\\"x\\"></div>
		<div class=\\"block\\" type=\\"x\\"></div>
		<div class=\\"block\\" type=\\"x\\"></div>
		<div class=\\"block\\" type=\\"x\\"></div>
		<div class=\\"block\\" type=\\"x\\"></div>
		<div class=\\"block\\" type=\\"x\\"></div>
		<div class=\\"block\\" type=\\"x\\"></div>
		<div class=\\"block\\" type=\\"x\\"></div>
		<div class=\\"block\\" type=\\"x\\"></div>
		<div class=\\"block\\" type=\\"x\\"></div>
	</div>
	<div class=\\"row\\">
		<div class=\\"block\\" type=\\"x\\"></div>
		<div class=\\"block\\" type=\\"x\\"></div>
		<div class=\\"block\\" type=\\"x\\"></div>
		<div class=\\"block\\" type=\\"x\\"></div>
		<div class=\\"block\\" type=\\"x\\"></div>
		<div class=\\"block\\" type=\\"x\\"></div>
		<div class=\\"block\\" type=\\"x\\"></div>
		<div class=\\"block\\" type=\\"x\\"></div>
		<div class=\\"block\\" type=\\"x\\"></div>
		<div class=\\"block\\" type=\\"x\\"></div>
	</div>
	<div class=\\"row\\">
		<div class=\\"block\\" type=\\"x\\"></div>
		<div class=\\"block\\" type=\\"x\\"></div>
		<div class=\\"block\\" type=\\"x\\"></div>
		<div class=\\"block\\" type=\\"x\\"></div>
		<div class=\\"block\\" type=\\"x\\"></div>
		<div class=\\"block\\" type=\\"x\\"></div>
		<div class=\\"block\\" type=\\"x\\"></div>
		<div class=\\"block\\" type=\\"x\\"></div>
		<div class=\\"block\\" type=\\"x\\"></div>
		<div class=\\"block\\" type=\\"x\\"></div>
	</div>
	<div class=\\"row\\">
		<div class=\\"block\\" type=\\"x\\"></div>
		<div class=\\"block\\" type=\\"x\\"></div>
		<div class=\\"block\\" type=\\"x\\"></div>
		<div class=\\"block\\" type=\\"x\\"></div>
		<div class=\\"block\\" type=\\"x\\"></div>
		<div class=\\"block\\" type=\\"x\\"></div>
		<div class=\\"block\\" type=\\"x\\"></div>
		<div class=\\"block\\" type=\\"x\\"></div>
		<div class=\\"block\\" type=\\"x\\"></div>
		<div class=\\"block\\" type=\\"x\\"></div>
	</div>
	<div class=\\"row\\">
		<div class=\\"block\\" type=\\"x\\"></div>
		<div class=\\"block\\" type=\\"x\\"></div>
		<div class=\\"block\\" type=\\"x\\"></div>
		<div class=\\"block\\" type=\\"x\\"></div>
		<div class=\\"block\\" type=\\"x\\"></div>
		<div class=\\"block\\" type=\\"x\\"></div>
		<div class=\\"block\\" type=\\"x\\"></div>
		<div class=\\"block\\" type=\\"x\\"></div>
		<div class=\\"block\\" type=\\"x\\"></div>
		<div class=\\"block\\" type=\\"x\\"></div>
	</div>
	<div class=\\"row\\">
		<div class=\\"block\\" type=\\"x\\"></div>
		<div class=\\"block\\" type=\\"x\\"></div>
		<div class=\\"block\\" type=\\"x\\"></div>
		<div class=\\"block\\" type=\\"x\\"></div>
		<div class=\\"block\\" type=\\"x\\"></div>
		<div class=\\"block\\" type=\\"x\\"></div>
		<div class=\\"block\\" type=\\"x\\"></div>
		<div class=\\"block\\" type=\\"x\\"></div>
		<div class=\\"block\\" type=\\"x\\"></div>
		<div class=\\"block\\" type=\\"x\\"></div>
	</div>
	<div class=\\"row full\\">
		<div class=\\"block\\" type=\\"t\\"></div>
		<div class=\\"block\\" type=\\"t\\"></div>
		<div class=\\"block\\" type=\\"t\\"></div>
		<div class=\\"block\\" type=\\"t\\"></div>
		<div class=\\"block\\" type=\\"t\\"></div>
		<div class=\\"block\\" type=\\"t\\"></div>
		<div class=\\"block\\" type=\\"t\\"></div>
		<div class=\\"block\\" type=\\"t\\"></div>
		<div class=\\"block\\" type=\\"t\\"></div>
		<div class=\\"block\\" type=\\"t\\"></div>
	</div>
</div>"
`;

exports[`Game() unit tests render() with a full row but resetNext != true 1`] = `
"<div class=\\"board\\">	<div class=\\"row\\">
		<div class=\\"block\\" type=\\"x\\"></div>
		<div class=\\"block\\" type=\\"x\\"></div>
		<div class=\\"block\\" type=\\"x\\"></div>
		<div class=\\"block\\" type=\\"x\\"></div>
		<div class=\\"block\\" type=\\"x\\"></div>
		<div class=\\"block\\" type=\\"x\\"></div>
		<div class=\\"block\\" type=\\"x\\"></div>
		<div class=\\"block\\" type=\\"x\\"></div>
		<div class=\\"block\\" type=\\"x\\"></div>
		<div class=\\"block\\" type=\\"x\\"></div>
	</div>
	<div class=\\"row\\">
		<div class=\\"block\\" type=\\"x\\"></div>
		<div class=\\"block\\" type=\\"x\\"></div>
		<div class=\\"block\\" type=\\"x\\"></div>
		<div class=\\"block\\" type=\\"x\\"></div>
		<div class=\\"block\\" type=\\"x\\"></div>
		<div class=\\"block\\" type=\\"x\\"></div>
		<div class=\\"block\\" type=\\"x\\"></div>
		<div class=\\"block\\" type=\\"x\\"></div>
		<div class=\\"block\\" type=\\"x\\"></div>
		<div class=\\"block\\" type=\\"x\\"></div>
	</div>
	<div class=\\"row\\">
		<div class=\\"block\\" type=\\"x\\"></div>
		<div class=\\"block\\" type=\\"x\\"></div>
		<div class=\\"block\\" type=\\"x\\"></div>
		<div class=\\"block\\" type=\\"t\\"></div>
		<div class=\\"block\\" type=\\"t\\"></div>
		<div class=\\"block\\" type=\\"t\\"></div>
		<div class=\\"block\\" type=\\"x\\"></div>
		<div class=\\"block\\" type=\\"x\\"></div>
		<div class=\\"block\\" type=\\"x\\"></div>
		<div class=\\"block\\" type=\\"x\\"></div>
	</div>
	<div class=\\"row\\">
		<div class=\\"block\\" type=\\"x\\"></div>
		<div class=\\"block\\" type=\\"x\\"></div>
		<div class=\\"block\\" type=\\"x\\"></div>
		<div class=\\"block\\" type=\\"x\\"></div>
		<div class=\\"block\\" type=\\"t\\"></div>
		<div class=\\"block\\" type=\\"x\\"></div>
		<div class=\\"block\\" type=\\"x\\"></div>
		<div class=\\"block\\" type=\\"x\\"></div>
		<div class=\\"block\\" type=\\"x\\"></div>
		<div class=\\"block\\" type=\\"x\\"></div>
	</div>
	<div class=\\"row\\">
		<div class=\\"block\\" type=\\"x\\"></div>
		<div class=\\"block\\" type=\\"x\\"></div>
		<div class=\\"block\\" type=\\"x\\"></div>
		<div class=\\"block\\" type=\\"x\\"></div>
		<div class=\\"block\\" type=\\"x\\"></div>
		<div class=\\"block\\" type=\\"x\\"></div>
		<div class=\\"block\\" type=\\"x\\"></div>
		<div class=\\"block\\" type=\\"x\\"></div>
		<div class=\\"block\\" type=\\"x\\"></div>
		<div class=\\"block\\" type=\\"x\\"></div>
	</div>
	<div class=\\"row\\">
		<div class=\\"block\\" type=\\"x\\"></div>
		<div class=\\"block\\" type=\\"x\\"></div>
		<div class=\\"block\\" type=\\"x\\"></div>
		<div class=\\"block\\" type=\\"x\\"></div>
		<div class=\\"block\\" type=\\"x\\"></div>
		<div class=\\"block\\" type=\\"x\\"></div>
		<div class=\\"block\\" type=\\"x\\"></div>
		<div class=\\"block\\" type=\\"x\\"></div>
		<div class=\\"block\\" type=\\"x\\"></div>
		<div class=\\"block\\" type=\\"x\\"></div>
	</div>
	<div class=\\"row\\">
		<div class=\\"block\\" type=\\"x\\"></div>
		<div class=\\"block\\" type=\\"x\\"></div>
		<div class=\\"block\\" type=\\"x\\"></div>
		<div class=\\"block\\" type=\\"x\\"></div>
		<div class=\\"block\\" type=\\"x\\"></div>
		<div class=\\"block\\" type=\\"x\\"></div>
		<div class=\\"block\\" type=\\"x\\"></div>
		<div class=\\"block\\" type=\\"x\\"></div>
		<div class=\\"block\\" type=\\"x\\"></div>
		<div class=\\"block\\" type=\\"x\\"></div>
	</div>
	<div class=\\"row\\">
		<div class=\\"block\\" type=\\"x\\"></div>
		<div class=\\"block\\" type=\\"x\\"></div>
		<div class=\\"block\\" type=\\"x\\"></div>
		<div class=\\"block\\" type=\\"x\\"></div>
		<div class=\\"block\\" type=\\"x\\"></div>
		<div class=\\"block\\" type=\\"x\\"></div>
		<div class=\\"block\\" type=\\"x\\"></div>
		<div class=\\"block\\" type=\\"x\\"></div>
		<div class=\\"block\\" type=\\"x\\"></div>
		<div class=\\"block\\" type=\\"x\\"></div>
	</div>
	<div class=\\"row\\">
		<div class=\\"block\\" type=\\"x\\"></div>
		<div class=\\"block\\" type=\\"x\\"></div>
		<div class=\\"block\\" type=\\"x\\"></div>
		<div class=\\"block\\" type=\\"x\\"></div>
		<div class=\\"block\\" type=\\"x\\"></div>
		<div class=\\"block\\" type=\\"x\\"></div>
		<div class=\\"block\\" type=\\"x\\"></div>
		<div class=\\"block\\" type=\\"x\\"></div>
		<div class=\\"block\\" type=\\"x\\"></div>
		<div class=\\"block\\" type=\\"x\\"></div>
	</div>
	<div class=\\"row\\">
		<div class=\\"block\\" type=\\"x\\"></div>
		<div class=\\"block\\" type=\\"x\\"></div>
		<div class=\\"block\\" type=\\"x\\"></div>
		<div class=\\"block\\" type=\\"x\\"></div>
		<div class=\\"block\\" type=\\"x\\"></div>
		<div class=\\"block\\" type=\\"x\\"></div>
		<div class=\\"block\\" type=\\"x\\"></div>
		<div class=\\"block\\" type=\\"x\\"></div>
		<div class=\\"block\\" type=\\"x\\"></div>
		<div class=\\"block\\" type=\\"x\\"></div>
	</div>
	<div class=\\"row\\">
		<div class=\\"block\\" type=\\"x\\"></div>
		<div class=\\"block\\" type=\\"x\\"></div>
		<div class=\\"block\\" type=\\"x\\"></div>
		<div class=\\"block\\" type=\\"x\\"></div>
		<div class=\\"block\\" type=\\"x\\"></div>
		<div class=\\"block\\" type=\\"x\\"></div>
		<div class=\\"block\\" type=\\"x\\"></div>
		<div class=\\"block\\" type=\\"x\\"></div>
		<div class=\\"block\\" type=\\"x\\"></div>
		<div class=\\"block\\" type=\\"x\\"></div>
	</div>
	<div class=\\"row\\">
		<div class=\\"block\\" type=\\"x\\"></div>
		<div class=\\"block\\" type=\\"x\\"></div>
		<div class=\\"block\\" type=\\"x\\"></div>
		<div class=\\"block\\" type=\\"x\\"></div>
		<div class=\\"block\\" type=\\"x\\"></div>
		<div class=\\"block\\" type=\\"x\\"></div>
		<div class=\\"block\\" type=\\"x\\"></div>
		<div class=\\"block\\" type=\\"x\\"></div>
		<div class=\\"block\\" type=\\"x\\"></div>
		<div class=\\"block\\" type=\\"x\\"></div>
	</div>
	<div class=\\"row\\">
		<div class=\\"block\\" type=\\"x\\"></div>
		<div class=\\"block\\" type=\\"x\\"></div>
		<div class=\\"block\\" type=\\"x\\"></div>
		<div class=\\"block\\" type=\\"x\\"></div>
		<div class=\\"block\\" type=\\"x\\"></div>
		<div class=\\"block\\" type=\\"x\\"></div>
		<div class=\\"block\\" type=\\"x\\"></div>
		<div class=\\"block\\" type=\\"x\\"></div>
		<div class=\\"block\\" type=\\"x\\"></div>
		<div class=\\"block\\" type=\\"x\\"></div>
	</div>
	<div class=\\"row\\">
		<div class=\\"block\\" type=\\"x\\"></div>
		<div class=\\"block\\" type=\\"x\\"></div>
		<div class=\\"block\\" type=\\"x\\"></div>
		<div class=\\"block\\" type=\\"x\\"></div>
		<div class=\\"block\\" type=\\"x\\"></div>
		<div class=\\"block\\" type=\\"x\\"></div>
		<div class=\\"block\\" type=\\"x\\"></div>
		<div class=\\"block\\" type=\\"x\\"></div>
		<div class=\\"block\\" type=\\"x\\"></div>
		<div class=\\"block\\" type=\\"x\\"></div>
	</div>
	<div class=\\"row\\">
		<div class=\\"block\\" type=\\"x\\"></div>
		<div class=\\"block\\" type=\\"x\\"></div>
		<div class=\\"block\\" type=\\"x\\"></div>
		<div class=\\"block\\" type=\\"x\\"></div>
		<div class=\\"block\\" type=\\"x\\"></div>
		<div class=\\"block\\" type=\\"x\\"></div>
		<div class=\\"block\\" type=\\"x\\"></div>
		<div class=\\"block\\" type=\\"x\\"></div>
		<div class=\\"block\\" type=\\"x\\"></div>
		<div class=\\"block\\" type=\\"x\\"></div>
	</div>
	<div class=\\"row\\">
		<div class=\\"block\\" type=\\"x\\"></div>
		<div class=\\"block\\" type=\\"x\\"></div>
		<div class=\\"block\\" type=\\"x\\"></div>
		<div class=\\"block\\" type=\\"x\\"></div>
		<div class=\\"block\\" type=\\"x\\"></div>
		<div class=\\"block\\" type=\\"x\\"></div>
		<div class=\\"block\\" type=\\"x\\"></div>
		<div class=\\"block\\" type=\\"x\\"></div>
		<div class=\\"block\\" type=\\"x\\"></div>
		<div class=\\"block\\" type=\\"x\\"></div>
	</div>
	<div class=\\"row\\">
		<div class=\\"block\\" type=\\"x\\"></div>
		<div class=\\"block\\" type=\\"x\\"></div>
		<div class=\\"block\\" type=\\"x\\"></div>
		<div class=\\"block\\" type=\\"x\\"></div>
		<div class=\\"block\\" type=\\"x\\"></div>
		<div class=\\"block\\" type=\\"x\\"></div>
		<div class=\\"block\\" type=\\"x\\"></div>
		<div class=\\"block\\" type=\\"x\\"></div>
		<div class=\\"block\\" type=\\"x\\"></div>
		<div class=\\"block\\" type=\\"x\\"></div>
	</div>
	<div class=\\"row\\">
		<div class=\\"block\\" type=\\"x\\"></div>
		<div class=\\"block\\" type=\\"x\\"></div>
		<div class=\\"block\\" type=\\"x\\"></div>
		<div class=\\"block\\" type=\\"x\\"></div>
		<div class=\\"block\\" type=\\"x\\"></div>
		<div class=\\"block\\" type=\\"x\\"></div>
		<div class=\\"block\\" type=\\"x\\"></div>
		<div class=\\"block\\" type=\\"x\\"></div>
		<div class=\\"block\\" type=\\"x\\"></div>
		<div class=\\"block\\" type=\\"x\\"></div>
	</div>
	<div class=\\"row\\">
		<div class=\\"block\\" type=\\"t\\"></div>
		<div class=\\"block\\" type=\\"t\\"></div>
		<div class=\\"block\\" type=\\"t\\"></div>
		<div class=\\"block\\" type=\\"t\\"></div>
		<div class=\\"block\\" type=\\"t\\"></div>
		<div class=\\"block\\" type=\\"t\\"></div>
		<div class=\\"block\\" type=\\"t\\"></div>
		<div class=\\"block\\" type=\\"t\\"></div>
		<div class=\\"block\\" type=\\"t\\"></div>
		<div class=\\"block\\" type=\\"t\\"></div>
	</div>
</div>"
`;

exports[`Game() unit tests render() with no full rows 1`] = `
"<div class=\\"board\\">	<div class=\\"row\\">
		<div class=\\"block\\" type=\\"x\\"></div>
		<div class=\\"block\\" type=\\"x\\"></div>
		<div class=\\"block\\" type=\\"x\\"></div>
		<div class=\\"block\\" type=\\"x\\"></div>
		<div class=\\"block\\" type=\\"x\\"></div>
		<div class=\\"block\\" type=\\"x\\"></div>
		<div class=\\"block\\" type=\\"x\\"></div>
		<div class=\\"block\\" type=\\"x\\"></div>
		<div class=\\"block\\" type=\\"x\\"></div>
		<div class=\\"block\\" type=\\"x\\"></div>
	</div>
	<div class=\\"row\\">
		<div class=\\"block\\" type=\\"x\\"></div>
		<div class=\\"block\\" type=\\"x\\"></div>
		<div class=\\"block\\" type=\\"x\\"></div>
		<div class=\\"block\\" type=\\"x\\"></div>
		<div class=\\"block\\" type=\\"x\\"></div>
		<div class=\\"block\\" type=\\"x\\"></div>
		<div class=\\"block\\" type=\\"x\\"></div>
		<div class=\\"block\\" type=\\"x\\"></div>
		<div class=\\"block\\" type=\\"x\\"></div>
		<div class=\\"block\\" type=\\"x\\"></div>
	</div>
	<div class=\\"row\\">
		<div class=\\"block\\" type=\\"x\\"></div>
		<div class=\\"block\\" type=\\"x\\"></div>
		<div class=\\"block\\" type=\\"x\\"></div>
		<div class=\\"block\\" type=\\"t\\"></div>
		<div class=\\"block\\" type=\\"t\\"></div>
		<div class=\\"block\\" type=\\"t\\"></div>
		<div class=\\"block\\" type=\\"x\\"></div>
		<div class=\\"block\\" type=\\"x\\"></div>
		<div class=\\"block\\" type=\\"x\\"></div>
		<div class=\\"block\\" type=\\"x\\"></div>
	</div>
	<div class=\\"row\\">
		<div class=\\"block\\" type=\\"x\\"></div>
		<div class=\\"block\\" type=\\"x\\"></div>
		<div class=\\"block\\" type=\\"x\\"></div>
		<div class=\\"block\\" type=\\"x\\"></div>
		<div class=\\"block\\" type=\\"t\\"></div>
		<div class=\\"block\\" type=\\"x\\"></div>
		<div class=\\"block\\" type=\\"x\\"></div>
		<div class=\\"block\\" type=\\"x\\"></div>
		<div class=\\"block\\" type=\\"x\\"></div>
		<div class=\\"block\\" type=\\"x\\"></div>
	</div>
	<div class=\\"row\\">
		<div class=\\"block\\" type=\\"x\\"></div>
		<div class=\\"block\\" type=\\"x\\"></div>
		<div class=\\"block\\" type=\\"x\\"></div>
		<div class=\\"block\\" type=\\"x\\"></div>
		<div class=\\"block\\" type=\\"x\\"></div>
		<div class=\\"block\\" type=\\"x\\"></div>
		<div class=\\"block\\" type=\\"x\\"></div>
		<div class=\\"block\\" type=\\"x\\"></div>
		<div class=\\"block\\" type=\\"x\\"></div>
		<div class=\\"block\\" type=\\"x\\"></div>
	</div>
	<div class=\\"row\\">
		<div class=\\"block\\" type=\\"x\\"></div>
		<div class=\\"block\\" type=\\"x\\"></div>
		<div class=\\"block\\" type=\\"x\\"></div>
		<div class=\\"block\\" type=\\"x\\"></div>
		<div class=\\"block\\" type=\\"x\\"></div>
		<div class=\\"block\\" type=\\"x\\"></div>
		<div class=\\"block\\" type=\\"x\\"></div>
		<div class=\\"block\\" type=\\"x\\"></div>
		<div class=\\"block\\" type=\\"x\\"></div>
		<div class=\\"block\\" type=\\"x\\"></div>
	</div>
	<div class=\\"row\\">
		<div class=\\"block\\" type=\\"x\\"></div>
		<div class=\\"block\\" type=\\"x\\"></div>
		<div class=\\"block\\" type=\\"x\\"></div>
		<div class=\\"block\\" type=\\"x\\"></div>
		<div class=\\"block\\" type=\\"x\\"></div>
		<div class=\\"block\\" type=\\"x\\"></div>
		<div class=\\"block\\" type=\\"x\\"></div>
		<div class=\\"block\\" type=\\"x\\"></div>
		<div class=\\"block\\" type=\\"x\\"></div>
		<div class=\\"block\\" type=\\"x\\"></div>
	</div>
	<div class=\\"row\\">
		<div class=\\"block\\" type=\\"x\\"></div>
		<div class=\\"block\\" type=\\"x\\"></div>
		<div class=\\"block\\" type=\\"x\\"></div>
		<div class=\\"block\\" type=\\"x\\"></div>
		<div class=\\"block\\" type=\\"x\\"></div>
		<div class=\\"block\\" type=\\"x\\"></div>
		<div class=\\"block\\" type=\\"x\\"></div>
		<div class=\\"block\\" type=\\"x\\"></div>
		<div class=\\"block\\" type=\\"x\\"></div>
		<div class=\\"block\\" type=\\"x\\"></div>
	</div>
	<div class=\\"row\\">
		<div class=\\"block\\" type=\\"x\\"></div>
		<div class=\\"block\\" type=\\"x\\"></div>
		<div class=\\"block\\" type=\\"x\\"></div>
		<div class=\\"block\\" type=\\"x\\"></div>
		<div class=\\"block\\" type=\\"x\\"></div>
		<div class=\\"block\\" type=\\"x\\"></div>
		<div class=\\"block\\" type=\\"x\\"></div>
		<div class=\\"block\\" type=\\"x\\"></div>
		<div class=\\"block\\" type=\\"x\\"></div>
		<div class=\\"block\\" type=\\"x\\"></div>
	</div>
	<div class=\\"row\\">
		<div class=\\"block\\" type=\\"x\\"></div>
		<div class=\\"block\\" type=\\"x\\"></div>
		<div class=\\"block\\" type=\\"x\\"></div>
		<div class=\\"block\\" type=\\"x\\"></div>
		<div class=\\"block\\" type=\\"x\\"></div>
		<div class=\\"block\\" type=\\"x\\"></div>
		<div class=\\"block\\" type=\\"x\\"></div>
		<div class=\\"block\\" type=\\"x\\"></div>
		<div class=\\"block\\" type=\\"x\\"></div>
		<div class=\\"block\\" type=\\"x\\"></div>
	</div>
	<div class=\\"row\\">
		<div class=\\"block\\" type=\\"x\\"></div>
		<div class=\\"block\\" type=\\"x\\"></div>
		<div class=\\"block\\" type=\\"x\\"></div>
		<div class=\\"block\\" type=\\"x\\"></div>
		<div class=\\"block\\" type=\\"x\\"></div>
		<div class=\\"block\\" type=\\"x\\"></div>
		<div class=\\"block\\" type=\\"x\\"></div>
		<div class=\\"block\\" type=\\"x\\"></div>
		<div class=\\"block\\" type=\\"x\\"></div>
		<div class=\\"block\\" type=\\"x\\"></div>
	</div>
	<div class=\\"row\\">
		<div class=\\"block\\" type=\\"x\\"></div>
		<div class=\\"block\\" type=\\"x\\"></div>
		<div class=\\"block\\" type=\\"x\\"></div>
		<div class=\\"block\\" type=\\"x\\"></div>
		<div class=\\"block\\" type=\\"x\\"></div>
		<div class=\\"block\\" type=\\"x\\"></div>
		<div class=\\"block\\" type=\\"x\\"></div>
		<div class=\\"block\\" type=\\"x\\"></div>
		<div class=\\"block\\" type=\\"x\\"></div>
		<div class=\\"block\\" type=\\"x\\"></div>
	</div>
	<div class=\\"row\\">
		<div class=\\"block\\" type=\\"x\\"></div>
		<div class=\\"block\\" type=\\"x\\"></div>
		<div class=\\"block\\" type=\\"x\\"></div>
		<div class=\\"block\\" type=\\"x\\"></div>
		<div class=\\"block\\" type=\\"x\\"></div>
		<div class=\\"block\\" type=\\"x\\"></div>
		<div class=\\"block\\" type=\\"x\\"></div>
		<div class=\\"block\\" type=\\"x\\"></div>
		<div class=\\"block\\" type=\\"x\\"></div>
		<div class=\\"block\\" type=\\"x\\"></div>
	</div>
	<div class=\\"row\\">
		<div class=\\"block\\" type=\\"x\\"></div>
		<div class=\\"block\\" type=\\"x\\"></div>
		<div class=\\"block\\" type=\\"x\\"></div>
		<div class=\\"block\\" type=\\"x\\"></div>
		<div class=\\"block\\" type=\\"x\\"></div>
		<div class=\\"block\\" type=\\"x\\"></div>
		<div class=\\"block\\" type=\\"x\\"></div>
		<div class=\\"block\\" type=\\"x\\"></div>
		<div class=\\"block\\" type=\\"x\\"></div>
		<div class=\\"block\\" type=\\"x\\"></div>
	</div>
	<div class=\\"row\\">
		<div class=\\"block\\" type=\\"x\\"></div>
		<div class=\\"block\\" type=\\"x\\"></div>
		<div class=\\"block\\" type=\\"x\\"></div>
		<div class=\\"block\\" type=\\"x\\"></div>
		<div class=\\"block\\" type=\\"x\\"></div>
		<div class=\\"block\\" type=\\"x\\"></div>
		<div class=\\"block\\" type=\\"x\\"></div>
		<div class=\\"block\\" type=\\"x\\"></div>
		<div class=\\"block\\" type=\\"x\\"></div>
		<div class=\\"block\\" type=\\"x\\"></div>
	</div>
	<div class=\\"row\\">
		<div class=\\"block\\" type=\\"x\\"></div>
		<div class=\\"block\\" type=\\"x\\"></div>
		<div class=\\"block\\" type=\\"x\\"></div>
		<div class=\\"block\\" type=\\"x\\"></div>
		<div class=\\"block\\" type=\\"x\\"></div>
		<div class=\\"block\\" type=\\"x\\"></div>
		<div class=\\"block\\" type=\\"x\\"></div>
		<div class=\\"block\\" type=\\"x\\"></div>
		<div class=\\"block\\" type=\\"x\\"></div>
		<div class=\\"block\\" type=\\"x\\"></div>
	</div>
	<div class=\\"row\\">
		<div class=\\"block\\" type=\\"x\\"></div>
		<div class=\\"block\\" type=\\"x\\"></div>
		<div class=\\"block\\" type=\\"x\\"></div>
		<div class=\\"block\\" type=\\"x\\"></div>
		<div class=\\"block\\" type=\\"x\\"></div>
		<div class=\\"block\\" type=\\"x\\"></div>
		<div class=\\"block\\" type=\\"x\\"></div>
		<div class=\\"block\\" type=\\"x\\"></div>
		<div class=\\"block\\" type=\\"x\\"></div>
		<div class=\\"block\\" type=\\"x\\"></div>
	</div>
	<div class=\\"row\\">
		<div class=\\"block\\" type=\\"x\\"></div>
		<div class=\\"block\\" type=\\"x\\"></div>
		<div class=\\"block\\" type=\\"x\\"></div>
		<div class=\\"block\\" type=\\"x\\"></div>
		<div class=\\"block\\" type=\\"x\\"></div>
		<div class=\\"block\\" type=\\"x\\"></div>
		<div class=\\"block\\" type=\\"x\\"></div>
		<div class=\\"block\\" type=\\"x\\"></div>
		<div class=\\"block\\" type=\\"x\\"></div>
		<div class=\\"block\\" type=\\"x\\"></div>
	</div>
	<div class=\\"row\\">
		<div class=\\"block\\" type=\\"x\\"></div>
		<div class=\\"block\\" type=\\"x\\"></div>
		<div class=\\"block\\" type=\\"x\\"></div>
		<div class=\\"block\\" type=\\"x\\"></div>
		<div class=\\"block\\" type=\\"x\\"></div>
		<div class=\\"block\\" type=\\"x\\"></div>
		<div class=\\"block\\" type=\\"x\\"></div>
		<div class=\\"block\\" type=\\"x\\"></div>
		<div class=\\"block\\" type=\\"x\\"></div>
		<div class=\\"block\\" type=\\"x\\"></div>
	</div>
</div>"
`;

exports[`Game() unit tests resetBoard() where new shape does not collide with existing 1`] = `
"<div class=\\"board\\">	<div class=\\"row\\">
		<div class=\\"block\\" type=\\"x\\"></div>
		<div class=\\"block\\" type=\\"x\\"></div>
		<div class=\\"block\\" type=\\"x\\"></div>
		<div class=\\"block\\" type=\\"x\\"></div>
		<div class=\\"block\\" type=\\"x\\"></div>
		<div class=\\"block\\" type=\\"x\\"></div>
		<div class=\\"block\\" type=\\"x\\"></div>
		<div class=\\"block\\" type=\\"x\\"></div>
		<div class=\\"block\\" type=\\"x\\"></div>
		<div class=\\"block\\" type=\\"x\\"></div>
	</div>
	<div class=\\"row\\">
		<div class=\\"block\\" type=\\"x\\"></div>
		<div class=\\"block\\" type=\\"x\\"></div>
		<div class=\\"block\\" type=\\"x\\"></div>
		<div class=\\"block\\" type=\\"x\\"></div>
		<div class=\\"block\\" type=\\"x\\"></div>
		<div class=\\"block\\" type=\\"x\\"></div>
		<div class=\\"block\\" type=\\"x\\"></div>
		<div class=\\"block\\" type=\\"x\\"></div>
		<div class=\\"block\\" type=\\"x\\"></div>
		<div class=\\"block\\" type=\\"x\\"></div>
	</div>
	<div class=\\"row\\">
		<div class=\\"block\\" type=\\"x\\"></div>
		<div class=\\"block\\" type=\\"x\\"></div>
		<div class=\\"block\\" type=\\"x\\"></div>
		<div class=\\"block\\" type=\\"t\\"></div>
		<div class=\\"block\\" type=\\"t\\"></div>
		<div class=\\"block\\" type=\\"t\\"></div>
		<div class=\\"block\\" type=\\"x\\"></div>
		<div class=\\"block\\" type=\\"x\\"></div>
		<div class=\\"block\\" type=\\"x\\"></div>
		<div class=\\"block\\" type=\\"x\\"></div>
	</div>
	<div class=\\"row\\">
		<div class=\\"block\\" type=\\"x\\"></div>
		<div class=\\"block\\" type=\\"x\\"></div>
		<div class=\\"block\\" type=\\"x\\"></div>
		<div class=\\"block\\" type=\\"x\\"></div>
		<div class=\\"block\\" type=\\"t\\"></div>
		<div class=\\"block\\" type=\\"x\\"></div>
		<div class=\\"block\\" type=\\"x\\"></div>
		<div class=\\"block\\" type=\\"x\\"></div>
		<div class=\\"block\\" type=\\"x\\"></div>
		<div class=\\"block\\" type=\\"x\\"></div>
	</div>
	<div class=\\"row\\">
		<div class=\\"block\\" type=\\"x\\"></div>
		<div class=\\"block\\" type=\\"x\\"></div>
		<div class=\\"block\\" type=\\"x\\"></div>
		<div class=\\"block\\" type=\\"x\\"></div>
		<div class=\\"block\\" type=\\"x\\"></div>
		<div class=\\"block\\" type=\\"x\\"></div>
		<div class=\\"block\\" type=\\"x\\"></div>
		<div class=\\"block\\" type=\\"x\\"></div>
		<div class=\\"block\\" type=\\"x\\"></div>
		<div class=\\"block\\" type=\\"x\\"></div>
	</div>
	<div class=\\"row\\">
		<div class=\\"block\\" type=\\"x\\"></div>
		<div class=\\"block\\" type=\\"x\\"></div>
		<div class=\\"block\\" type=\\"x\\"></div>
		<div class=\\"block\\" type=\\"x\\"></div>
		<div class=\\"block\\" type=\\"x\\"></div>
		<div class=\\"block\\" type=\\"x\\"></div>
		<div class=\\"block\\" type=\\"x\\"></div>
		<div class=\\"block\\" type=\\"x\\"></div>
		<div class=\\"block\\" type=\\"x\\"></div>
		<div class=\\"block\\" type=\\"x\\"></div>
	</div>
	<div class=\\"row\\">
		<div class=\\"block\\" type=\\"x\\"></div>
		<div class=\\"block\\" type=\\"x\\"></div>
		<div class=\\"block\\" type=\\"x\\"></div>
		<div class=\\"block\\" type=\\"x\\"></div>
		<div class=\\"block\\" type=\\"x\\"></div>
		<div class=\\"block\\" type=\\"x\\"></div>
		<div class=\\"block\\" type=\\"x\\"></div>
		<div class=\\"block\\" type=\\"x\\"></div>
		<div class=\\"block\\" type=\\"x\\"></div>
		<div class=\\"block\\" type=\\"x\\"></div>
	</div>
	<div class=\\"row\\">
		<div class=\\"block\\" type=\\"x\\"></div>
		<div class=\\"block\\" type=\\"x\\"></div>
		<div class=\\"block\\" type=\\"x\\"></div>
		<div class=\\"block\\" type=\\"x\\"></div>
		<div class=\\"block\\" type=\\"x\\"></div>
		<div class=\\"block\\" type=\\"x\\"></div>
		<div class=\\"block\\" type=\\"x\\"></div>
		<div class=\\"block\\" type=\\"x\\"></div>
		<div class=\\"block\\" type=\\"x\\"></div>
		<div class=\\"block\\" type=\\"x\\"></div>
	</div>
	<div class=\\"row\\">
		<div class=\\"block\\" type=\\"x\\"></div>
		<div class=\\"block\\" type=\\"x\\"></div>
		<div class=\\"block\\" type=\\"x\\"></div>
		<div class=\\"block\\" type=\\"x\\"></div>
		<div class=\\"block\\" type=\\"x\\"></div>
		<div class=\\"block\\" type=\\"x\\"></div>
		<div class=\\"block\\" type=\\"x\\"></div>
		<div class=\\"block\\" type=\\"x\\"></div>
		<div class=\\"block\\" type=\\"x\\"></div>
		<div class=\\"block\\" type=\\"x\\"></div>
	</div>
	<div class=\\"row\\">
		<div class=\\"block\\" type=\\"x\\"></div>
		<div class=\\"block\\" type=\\"x\\"></div>
		<div class=\\"block\\" type=\\"x\\"></div>
		<div class=\\"block\\" type=\\"x\\"></div>
		<div class=\\"block\\" type=\\"x\\"></div>
		<div class=\\"block\\" type=\\"x\\"></div>
		<div class=\\"block\\" type=\\"x\\"></div>
		<div class=\\"block\\" type=\\"x\\"></div>
		<div class=\\"block\\" type=\\"x\\"></div>
		<div class=\\"block\\" type=\\"x\\"></div>
	</div>
	<div class=\\"row\\">
		<div class=\\"block\\" type=\\"x\\"></div>
		<div class=\\"block\\" type=\\"x\\"></div>
		<div class=\\"block\\" type=\\"x\\"></div>
		<div class=\\"block\\" type=\\"x\\"></div>
		<div class=\\"block\\" type=\\"x\\"></div>
		<div class=\\"block\\" type=\\"x\\"></div>
		<div class=\\"block\\" type=\\"x\\"></div>
		<div class=\\"block\\" type=\\"x\\"></div>
		<div class=\\"block\\" type=\\"x\\"></div>
		<div class=\\"block\\" type=\\"x\\"></div>
	</div>
	<div class=\\"row\\">
		<div class=\\"block\\" type=\\"x\\"></div>
		<div class=\\"block\\" type=\\"x\\"></div>
		<div class=\\"block\\" type=\\"x\\"></div>
		<div class=\\"block\\" type=\\"x\\"></div>
		<div class=\\"block\\" type=\\"x\\"></div>
		<div class=\\"block\\" type=\\"x\\"></div>
		<div class=\\"block\\" type=\\"x\\"></div>
		<div class=\\"block\\" type=\\"x\\"></div>
		<div class=\\"block\\" type=\\"x\\"></div>
		<div class=\\"block\\" type=\\"x\\"></div>
	</div>
	<div class=\\"row\\">
		<div class=\\"block\\" type=\\"x\\"></div>
		<div class=\\"block\\" type=\\"x\\"></div>
		<div class=\\"block\\" type=\\"x\\"></div>
		<div class=\\"block\\" type=\\"x\\"></div>
		<div class=\\"block\\" type=\\"x\\"></div>
		<div class=\\"block\\" type=\\"x\\"></div>
		<div class=\\"block\\" type=\\"x\\"></div>
		<div class=\\"block\\" type=\\"x\\"></div>
		<div class=\\"block\\" type=\\"x\\"></div>
		<div class=\\"block\\" type=\\"x\\"></div>
	</div>
	<div class=\\"row\\">
		<div class=\\"block\\" type=\\"x\\"></div>
		<div class=\\"block\\" type=\\"x\\"></div>
		<div class=\\"block\\" type=\\"x\\"></div>
		<div class=\\"block\\" type=\\"x\\"></div>
		<div class=\\"block\\" type=\\"x\\"></div>
		<div class=\\"block\\" type=\\"x\\"></div>
		<div class=\\"block\\" type=\\"x\\"></div>
		<div class=\\"block\\" type=\\"x\\"></div>
		<div class=\\"block\\" type=\\"x\\"></div>
		<div class=\\"block\\" type=\\"x\\"></div>
	</div>
	<div class=\\"row\\">
		<div class=\\"block\\" type=\\"x\\"></div>
		<div class=\\"block\\" type=\\"x\\"></div>
		<div class=\\"block\\" type=\\"x\\"></div>
		<div class=\\"block\\" type=\\"x\\"></div>
		<div class=\\"block\\" type=\\"x\\"></div>
		<div class=\\"block\\" type=\\"x\\"></div>
		<div class=\\"block\\" type=\\"x\\"></div>
		<div class=\\"block\\" type=\\"x\\"></div>
		<div class=\\"block\\" type=\\"x\\"></div>
		<div class=\\"block\\" type=\\"x\\"></div>
	</div>
	<div class=\\"row\\">
		<div class=\\"block\\" type=\\"x\\"></div>
		<div class=\\"block\\" type=\\"x\\"></div>
		<div class=\\"block\\" type=\\"x\\"></div>
		<div class=\\"block\\" type=\\"x\\"></div>
		<div class=\\"block\\" type=\\"x\\"></div>
		<div class=\\"block\\" type=\\"x\\"></div>
		<div class=\\"block\\" type=\\"x\\"></div>
		<div class=\\"block\\" type=\\"x\\"></div>
		<div class=\\"block\\" type=\\"x\\"></div>
		<div class=\\"block\\" type=\\"x\\"></div>
	</div>
	<div class=\\"row\\">
		<div class=\\"block\\" type=\\"x\\"></div>
		<div class=\\"block\\" type=\\"x\\"></div>
		<div class=\\"block\\" type=\\"x\\"></div>
		<div class=\\"block\\" type=\\"x\\"></div>
		<div class=\\"block\\" type=\\"x\\"></div>
		<div class=\\"block\\" type=\\"x\\"></div>
		<div class=\\"block\\" type=\\"x\\"></div>
		<div class=\\"block\\" type=\\"x\\"></div>
		<div class=\\"block\\" type=\\"x\\"></div>
		<div class=\\"block\\" type=\\"x\\"></div>
	</div>
	<div class=\\"row\\">
		<div class=\\"block\\" type=\\"x\\"></div>
		<div class=\\"block\\" type=\\"x\\"></div>
		<div class=\\"block\\" type=\\"x\\"></div>
		<div class=\\"block\\" type=\\"t\\"></div>
		<div class=\\"block\\" type=\\"t\\"></div>
		<div class=\\"block\\" type=\\"t\\"></div>
		<div class=\\"block\\" type=\\"x\\"></div>
		<div class=\\"block\\" type=\\"x\\"></div>
		<div class=\\"block\\" type=\\"x\\"></div>
		<div class=\\"block\\" type=\\"x\\"></div>
	</div>
	<div class=\\"row\\">
		<div class=\\"block\\" type=\\"x\\"></div>
		<div class=\\"block\\" type=\\"x\\"></div>
		<div class=\\"block\\" type=\\"x\\"></div>
		<div class=\\"block\\" type=\\"x\\"></div>
		<div class=\\"block\\" type=\\"t\\"></div>
		<div class=\\"block\\" type=\\"x\\"></div>
		<div class=\\"block\\" type=\\"x\\"></div>
		<div class=\\"block\\" type=\\"x\\"></div>
		<div class=\\"block\\" type=\\"x\\"></div>
		<div class=\\"block\\" type=\\"x\\"></div>
	</div>
</div>"
`;
